$ git init
Initialized empty Git repository in C:/Users/Dell/Desktop/git/.git/

Dell@DESKTOP-5MVKAL6 MINGW64 ~/Desktop/git (master)
$ git satus
git: 'satus' is not a git command. See 'git --help'.

The most similar command is
        status

Dell@DESKTOP-5MVKAL6 MINGW64 ~/Desktop/git (master)
$ git status
On branch master

No commits yet

Untracked files:
  (use "git add <file>..." to include in what will be committed)
        AddressBook2/

nothing added to commit but untracked files present (use "git add" to track)

Dell@DESKTOP-5MVKAL6 MINGW64 ~/Desktop/git (master)
$ git add .

Dell@DESKTOP-5MVKAL6 MINGW64 ~/Desktop/git (master)
$ git status
On branch master

No commits yet

Changes to be committed:
  (use "git rm --cached <file>..." to unstage)
        new file:   AddressBook2/.classpath
        new file:   AddressBook2/.project
        new file:   AddressBook2/.settings/org.eclipse.core.resources.prefs
        new file:   AddressBook2/.settings/org.eclipse.jdt.core.prefs
        new file:   AddressBook2/bin/com/bean/AddressBook.class
        new file:   AddressBook2/bin/com/controller/Main.class
        new file:   AddressBook2/bin/com/dao/AddresBookinterimpl.class
        new file:   AddressBook2/bin/com/dao/AddressBookInterface.class
        new file:   AddressBook2/bin/com/dao/CP.class
        new file:   AddressBook2/src/com/bean/AddressBook.java
        new file:   AddressBook2/src/com/controller/Main.java
        new file:   AddressBook2/src/com/dao/AddresBookinterimpl.java
        new file:   AddressBook2/src/com/dao/AddressBookInterface.java
        new file:   AddressBook2/src/com/dao/CP.java


Dell@DESKTOP-5MVKAL6 MINGW64 ~/Desktop/git (master)
$ git commit -m 'this is address book project'
[master (root-commit) 4126289] this is address book project
 14 files changed, 527 insertions(+)
 create mode 100644 AddressBook2/.classpath
 create mode 100644 AddressBook2/.project
 create mode 100644 AddressBook2/.settings/org.eclipse.core.resources.prefs
 create mode 100644 AddressBook2/.settings/org.eclipse.jdt.core.prefs
 create mode 100644 AddressBook2/bin/com/bean/AddressBook.class
 create mode 100644 AddressBook2/bin/com/controller/Main.class
 create mode 100644 AddressBook2/bin/com/dao/AddresBookinterimpl.class
 create mode 100644 AddressBook2/bin/com/dao/AddressBookInterface.class
 create mode 100644 AddressBook2/bin/com/dao/CP.class
 create mode 100644 AddressBook2/src/com/bean/AddressBook.java
 create mode 100644 AddressBook2/src/com/controller/Main.java
 create mode 100644 AddressBook2/src/com/dao/AddresBookinterimpl.java
 create mode 100644 AddressBook2/src/com/dao/AddressBookInterface.java
 create mode 100644 AddressBook2/src/com/dao/CP.java

Dell@DESKTOP-5MVKAL6 MINGW64 ~/Desktop/git (master)
$ git branch -M main

Dell@DESKTOP-5MVKAL6 MINGW64 ~/Desktop/git (main)
$ git remote add origin https://github.com/AmbikaSahu2577/Address-Book.git

Dell@DESKTOP-5MVKAL6 MINGW64 ~/Desktop/git (main)
$ git push -u origin main
Enumerating objects: 28, done.
Counting objects: 100% (28/28), done.
Delta compression using up to 8 threads
Compressing objects: 100% (21/21), done.
Writing objects: 100% (28/28), 10.98 KiB | 1.83 MiB/s, done.
Total 28 (delta 1), reused 0 (delta 0), pack-reused 0
remote: Resolving deltas: 100% (1/1), done.
To https://github.com/AmbikaSahu2577/Address-Book.git
 * [new branch]      main -> main
branch 'main' set up to track 'origin/main'.

Dell@DESKTOP-5MVKAL6 MINGW64 ~/Desktop/git (main)
$
